<html><head><title>Authentication failed</title></head><body></body><h1>Authentication failed</h1><p>Your OpenID provider failed to authenticate you properly.</p></html>