HTTP/1.1 200 OK
Content-Type: application/json; charset=utf-8

{"website": "http://adaheads.com","greeting": "Velkommen til AdaHeads, hvad kan jeg hj\u00E6lpe med?","organization_id": 1,"full_name": "AdaHeads K/S","uri": "adaheads_ks_1","contacts": [{"contact_id": 2,"full_name": "Trine L\u00F8cke","is_human": true,"attributes": [{"email": "trine@responsum.dk","phone": "60431993","tags": ["Ada","Slackware","Linux"],"contact_id": 2,"organization_id": 1}]},{"contact_id": 7,"full_name": "Ulrik H\u00F8rlyk Hjort","is_human": true,"attributes": [{"email": "","phone": "12345678","tags": ["Granvej","Mosekrogen"],"contact_id": 7,"organization_id": 1}]},{"contact_id": 5,"full_name": "Jacob Sparre Andersen","is_human": true,"attributes": [{"email": "jsa@adaheads.com","phone": "555 666 777","contact_id": 5,"organization_id": 1}]},{"contact_id": 3,"full_name": "Steen L\u00F8cke","is_human": true,"attributes": [{"email": "steen@adaheads.com","phone": "60431990","contact_id": 3,"organization_id": 1}]},{"contact_id": 1,"full_name": "Thomas L\u00F8cke","is_human": true,"attributes": [{"email": "tl@adaheads.com","phone": "60431992","tags": ["AWS","Slackware"],"contact_id": 1,"organization_id": 1}]},{"contact_id": 6,"full_name": "Sidsel Schomacker","is_human": true,"attributes": [{"email": "ss@adaheads.com","phone": "","contact_id": 6,"organization_id": 1}]},{"contact_id": 4,"full_name": "Kim Rostgaard Christensen","is_human": true,"attributes": [{"email": "krc@adaheads.com","phone": "555-78787878","contact_id": 4,"organization_id": 1}]}]}
