{"status": "okay","user": "Tux","openids": [{"url": "https://tux.myopenid.com/"},{"url": "https://accounts.google.com/we-love-tux/"}]}