{"status": "okay","users": [{"name": "AdaHeads Test User One"},{"name": "AdaHeads Test User Three"},{"name": "AdaHeads Test User Two"},{"name": "Tux"}]}