{"status": "bad request","description": "passed message argument is too long, missing or invalid"}