{"status": "not_found","description": "one of the passed contacts could not be found in the database"}